/Users/huangyuxuan/Documents/git/auto/workspace/venv/lib/python3.9/site-packages/urllib3/__init__.py:35: NotOpenSSLWarning: urllib3 v2 only supports OpenSSL 1.1.1+, currently the 'ssl' module is compiled with 'LibreSSL 2.8.3'. See: https://github.com/urllib3/urllib3/issues/3020
  warnings.warn(
INFO:     Started server process [63100]
INFO:     Waiting for application startup.
2026-03-22 18:31:58,014 - apscheduler.scheduler - INFO - Adding job tentatively -- it will be properly scheduled when the scheduler starts
2026-03-22 18:31:58,015 - apscheduler.scheduler - INFO - Adding job tentatively -- it will be properly scheduled when the scheduler starts
2026-03-22 18:31:58,015 - apscheduler.scheduler - INFO - Added job "SchedulerService.update_market_prices" to job store "default"
2026-03-22 18:31:58,015 - apscheduler.scheduler - INFO - Added job "SchedulerService.crawl_products" to job store "default"
2026-03-22 18:31:58,015 - apscheduler.scheduler - INFO - Scheduler started
INFO:     Application startup complete.
INFO:     Uvicorn running on http://0.0.0.0:8000 (Press CTRL+C to quit)
INFO:     127.0.0.1:52276 - "WebSocket /ws/logs" [accepted]
INFO:     connection closed
Log WebSocket error: 
ERROR:    Exception in ASGI application
Traceback (most recent call last):
  File "/Users/huangyuxuan/Documents/git/auto/workspace/venv/lib/python3.9/site-packages/uvicorn/protocols/websockets/websockets_impl.py", line 244, in run_asgi
    result = await self.app(self.scope, self.asgi_receive, self.asgi_send)  # type: ignore[func-returns-value]
  File "/Users/huangyuxuan/Documents/git/auto/workspace/venv/lib/python3.9/site-packages/uvicorn/middleware/proxy_headers.py", line 60, in __call__
    return await self.app(scope, receive, send)
  File "/Users/huangyuxuan/Documents/git/auto/workspace/venv/lib/python3.9/site-packages/fastapi/applications.py", line 1138, in __call__
    await super().__call__(scope, receive, send)
  File "/Users/huangyuxuan/Documents/git/auto/workspace/venv/lib/python3.9/site-packages/starlette/applications.py", line 113, in __call__
    await self.middleware_stack(scope, receive, send)
  File "/Users/huangyuxuan/Documents/git/auto/workspace/venv/lib/python3.9/site-packages/starlette/middleware/errors.py", line 151, in __call__
    await self.app(scope, receive, send)
  File "/Users/huangyuxuan/Documents/git/auto/workspace/venv/lib/python3.9/site-packages/starlette/middleware/cors.py", line 77, in __call__
    await self.app(scope, receive, send)
  File "/Users/huangyuxuan/Documents/git/auto/workspace/venv/lib/python3.9/site-packages/starlette/middleware/exceptions.py", line 63, in __call__
    await wrap_app_handling_exceptions(self.app, conn)(scope, receive, send)
  File "/Users/huangyuxuan/Documents/git/auto/workspace/venv/lib/python3.9/site-packages/starlette/_exception_handler.py", line 53, in wrapped_app
    raise exc
  File "/Users/huangyuxuan/Documents/git/auto/workspace/venv/lib/python3.9/site-packages/starlette/_exception_handler.py", line 42, in wrapped_app
    await app(scope, receive, sender)
  File "/Users/huangyuxuan/Documents/git/auto/workspace/venv/lib/python3.9/site-packages/fastapi/middleware/asyncexitstack.py", line 18, in __call__
    await self.app(scope, receive, send)
  File "/Users/huangyuxuan/Documents/git/auto/workspace/venv/lib/python3.9/site-packages/starlette/routing.py", line 716, in __call__
    await self.middleware_stack(scope, receive, send)
  File "/Users/huangyuxuan/Documents/git/auto/workspace/venv/lib/python3.9/site-packages/starlette/routing.py", line 736, in app
    await route.handle(scope, receive, send)
  File "/Users/huangyuxuan/Documents/git/auto/workspace/venv/lib/python3.9/site-packages/starlette/routing.py", line 364, in handle
    await self.app(scope, receive, send)
  File "/Users/huangyuxuan/Documents/git/auto/workspace/venv/lib/python3.9/site-packages/fastapi/routing.py", line 147, in app
    await wrap_app_handling_exceptions(app, session)(scope, receive, send)
  File "/Users/huangyuxuan/Documents/git/auto/workspace/venv/lib/python3.9/site-packages/starlette/_exception_handler.py", line 53, in wrapped_app
    raise exc
  File "/Users/huangyuxuan/Documents/git/auto/workspace/venv/lib/python3.9/site-packages/starlette/_exception_handler.py", line 42, in wrapped_app
    await app(scope, receive, sender)
  File "/Users/huangyuxuan/Documents/git/auto/workspace/venv/lib/python3.9/site-packages/fastapi/routing.py", line 144, in app
    await func(session)
  File "/Users/huangyuxuan/Documents/git/auto/workspace/venv/lib/python3.9/site-packages/fastapi/routing.py", line 509, in app
    await dependant.call(**solved_result.values)
  File "/Users/huangyuxuan/Documents/git/auto/workspace/backend/main.py", line 109, in websocket_logs
    await websocket.close()
  File "/Users/huangyuxuan/Documents/git/auto/workspace/venv/lib/python3.9/site-packages/starlette/websockets.py", line 181, in close
    await self.send({"type": "websocket.close", "code": code, "reason": reason or ""})
  File "/Users/huangyuxuan/Documents/git/auto/workspace/venv/lib/python3.9/site-packages/starlette/websockets.py", line 98, in send
    raise RuntimeError('Cannot call "send" once a close message has been sent.')
RuntimeError: Cannot call "send" once a close message has been sent.
INFO:     127.0.0.1:52278 - "WebSocket /ws/logs" [accepted]
INFO:     connection open
INFO:     127.0.0.1:52280 - "WebSocket /ws/status" [accepted]
INFO:     connection open
INFO:     connection closed
INFO:     connection closed
INFO:     127.0.0.1:52306 - "WebSocket /ws/logs" [accepted]
INFO:     connection closed
Log WebSocket error: 
ERROR:    Exception in ASGI application
Traceback (most recent call last):
  File "/Users/huangyuxuan/Documents/git/auto/workspace/venv/lib/python3.9/site-packages/uvicorn/protocols/websockets/websockets_impl.py", line 244, in run_asgi
    result = await self.app(self.scope, self.asgi_receive, self.asgi_send)  # type: ignore[func-returns-value]
  File "/Users/huangyuxuan/Documents/git/auto/workspace/venv/lib/python3.9/site-packages/uvicorn/middleware/proxy_headers.py", line 60, in __call__
    return await self.app(scope, receive, send)
  File "/Users/huangyuxuan/Documents/git/auto/workspace/venv/lib/python3.9/site-packages/fastapi/applications.py", line 1138, in __call__
    await super().__call__(scope, receive, send)
  File "/Users/huangyuxuan/Documents/git/auto/workspace/venv/lib/python3.9/site-packages/starlette/applications.py", line 113, in __call__
    await self.middleware_stack(scope, receive, send)
  File "/Users/huangyuxuan/Documents/git/auto/workspace/venv/lib/python3.9/site-packages/starlette/middleware/errors.py", line 151, in __call__
    await self.app(scope, receive, send)
  File "/Users/huangyuxuan/Documents/git/auto/workspace/venv/lib/python3.9/site-packages/starlette/middleware/cors.py", line 77, in __call__
    await self.app(scope, receive, send)
  File "/Users/huangyuxuan/Documents/git/auto/workspace/venv/lib/python3.9/site-packages/starlette/middleware/exceptions.py", line 63, in __call__
    await wrap_app_handling_exceptions(self.app, conn)(scope, receive, send)
  File "/Users/huangyuxuan/Documents/git/auto/workspace/venv/lib/python3.9/site-packages/starlette/_exception_handler.py", line 53, in wrapped_app
    raise exc
  File "/Users/huangyuxuan/Documents/git/auto/workspace/venv/lib/python3.9/site-packages/starlette/_exception_handler.py", line 42, in wrapped_app
    await app(scope, receive, sender)
  File "/Users/huangyuxuan/Documents/git/auto/workspace/venv/lib/python3.9/site-packages/fastapi/middleware/asyncexitstack.py", line 18, in __call__
    await self.app(scope, receive, send)
  File "/Users/huangyuxuan/Documents/git/auto/workspace/venv/lib/python3.9/site-packages/starlette/routing.py", line 716, in __call__
    await self.middleware_stack(scope, receive, send)
  File "/Users/huangyuxuan/Documents/git/auto/workspace/venv/lib/python3.9/site-packages/starlette/routing.py", line 736, in app
    await route.handle(scope, receive, send)
  File "/Users/huangyuxuan/Documents/git/auto/workspace/venv/lib/python3.9/site-packages/starlette/routing.py", line 364, in handle
    await self.app(scope, receive, send)
  File "/Users/huangyuxuan/Documents/git/auto/workspace/venv/lib/python3.9/site-packages/fastapi/routing.py", line 147, in app
    await wrap_app_handling_exceptions(app, session)(scope, receive, send)
  File "/Users/huangyuxuan/Documents/git/auto/workspace/venv/lib/python3.9/site-packages/starlette/_exception_handler.py", line 53, in wrapped_app
    raise exc
  File "/Users/huangyuxuan/Documents/git/auto/workspace/venv/lib/python3.9/site-packages/starlette/_exception_handler.py", line 42, in wrapped_app
    await app(scope, receive, sender)
  File "/Users/huangyuxuan/Documents/git/auto/workspace/venv/lib/python3.9/site-packages/fastapi/routing.py", line 144, in app
    await func(session)
  File "/Users/huangyuxuan/Documents/git/auto/workspace/venv/lib/python3.9/site-packages/fastapi/routing.py", line 509, in app
    await dependant.call(**solved_result.values)
  File "/Users/huangyuxuan/Documents/git/auto/workspace/backend/main.py", line 109, in websocket_logs
    await websocket.close()
  File "/Users/huangyuxuan/Documents/git/auto/workspace/venv/lib/python3.9/site-packages/starlette/websockets.py", line 181, in close
    await self.send({"type": "websocket.close", "code": code, "reason": reason or ""})
  File "/Users/huangyuxuan/Documents/git/auto/workspace/venv/lib/python3.9/site-packages/starlette/websockets.py", line 98, in send
    raise RuntimeError('Cannot call "send" once a close message has been sent.')
RuntimeError: Cannot call "send" once a close message has been sent.
INFO:     127.0.0.1:52308 - "WebSocket /ws/logs" [accepted]
INFO:     connection open
INFO:     127.0.0.1:52310 - "WebSocket /ws/status" [accepted]
INFO:     connection open
Log WebSocket error: 
ERROR:    Exception in ASGI application
Traceback (most recent call last):
  File "/Users/huangyuxuan/Documents/git/auto/workspace/venv/lib/python3.9/site-packages/uvicorn/protocols/websockets/websockets_impl.py", line 244, in run_asgi
    result = await self.app(self.scope, self.asgi_receive, self.asgi_send)  # type: ignore[func-returns-value]
  File "/Users/huangyuxuan/Documents/git/auto/workspace/venv/lib/python3.9/site-packages/uvicorn/middleware/proxy_headers.py", line 60, in __call__
    return await self.app(scope, receive, send)
  File "/Users/huangyuxuan/Documents/git/auto/workspace/venv/lib/python3.9/site-packages/fastapi/applications.py", line 1138, in __call__
    await super().__call__(scope, receive, send)
  File "/Users/huangyuxuan/Documents/git/auto/workspace/venv/lib/python3.9/site-packages/starlette/applications.py", line 113, in __call__
    await self.middleware_stack(scope, receive, send)
  File "/Users/huangyuxuan/Documents/git/auto/workspace/venv/lib/python3.9/site-packages/starlette/middleware/errors.py", line 151, in __call__
    await self.app(scope, receive, send)
  File "/Users/huangyuxuan/Documents/git/auto/workspace/venv/lib/python3.9/site-packages/starlette/middleware/cors.py", line 77, in __call__
    await self.app(scope, receive, send)
  File "/Users/huangyuxuan/Documents/git/auto/workspace/venv/lib/python3.9/site-packages/starlette/middleware/exceptions.py", line 63, in __call__
    await wrap_app_handling_exceptions(self.app, conn)(scope, receive, send)
  File "/Users/huangyuxuan/Documents/git/auto/workspace/venv/lib/python3.9/site-packages/starlette/_exception_handler.py", line 53, in wrapped_app
    raise exc
  File "/Users/huangyuxuan/Documents/git/auto/workspace/venv/lib/python3.9/site-packages/starlette/_exception_handler.py", line 42, in wrapped_app
    await app(scope, receive, sender)
  File "/Users/huangyuxuan/Documents/git/auto/workspace/venv/lib/python3.9/site-packages/fastapi/middleware/asyncexitstack.py", line 18, in __call__
    await self.app(scope, receive, send)
  File "/Users/huangyuxuan/Documents/git/auto/workspace/venv/lib/python3.9/site-packages/starlette/routing.py", line 716, in __call__
    await self.middleware_stack(scope, receive, send)
  File "/Users/huangyuxuan/Documents/git/auto/workspace/venv/lib/python3.9/site-packages/starlette/routing.py", line 736, in app
    await route.handle(scope, receive, send)
  File "/Users/huangyuxuan/Documents/git/auto/workspace/venv/lib/python3.9/site-packages/starlette/routing.py", line 364, in handle
    await self.app(scope, receive, send)
  File "/Users/huangyuxuan/Documents/git/auto/workspace/venv/lib/python3.9/site-packages/fastapi/routing.py", line 147, in app
    await wrap_app_handling_exceptions(app, session)(scope, receive, send)
  File "/Users/huangyuxuan/Documents/git/auto/workspace/venv/lib/python3.9/site-packages/starlette/_exception_handler.py", line 53, in wrapped_app
    raise exc
  File "/Users/huangyuxuan/Documents/git/auto/workspace/venv/lib/python3.9/site-packages/starlette/_exception_handler.py", line 42, in wrapped_app
    await app(scope, receive, sender)
  File "/Users/huangyuxuan/Documents/git/auto/workspace/venv/lib/python3.9/site-packages/fastapi/routing.py", line 144, in app
    await func(session)
  File "/Users/huangyuxuan/Documents/git/auto/workspace/venv/lib/python3.9/site-packages/fastapi/routing.py", line 509, in app
    await dependant.call(**solved_result.values)
  File "/Users/huangyuxuan/Documents/git/auto/workspace/backend/main.py", line 109, in websocket_logs
    await websocket.close()
  File "/Users/huangyuxuan/Documents/git/auto/workspace/venv/lib/python3.9/site-packages/starlette/websockets.py", line 181, in close
    await self.send({"type": "websocket.close", "code": code, "reason": reason or ""})
  File "/Users/huangyuxuan/Documents/git/auto/workspace/venv/lib/python3.9/site-packages/starlette/websockets.py", line 98, in send
    raise RuntimeError('Cannot call "send" once a close message has been sent.')
RuntimeError: Cannot call "send" once a close message has been sent.
INFO:     127.0.0.1:52311 - "POST /api/crawl/resume HTTP/1.1" 200 OK
INFO:     127.0.0.1:52312 - "POST /api/crawl HTTP/1.1" 200 OK
2026-03-22 18:32:20,750 - Scheduler - INFO - Stealth resting (high) for 73.8s before next search...
INFO:     connection closed
INFO:     connection closed
INFO:     127.0.0.1:52319 - "GET /api/config HTTP/1.1" 200 OK
INFO:     127.0.0.1:52323 - "GET /api/config HTTP/1.1" 200 OK
INFO:     127.0.0.1:52320 - "GET /api/categories HTTP/1.1" 200 OK
INFO:     127.0.0.1:52326 - "GET /api/categories HTTP/1.1" 200 OK
Log WebSocket error: 
ERROR:    Exception in ASGI application
Traceback (most recent call last):
  File "/Users/huangyuxuan/Documents/git/auto/workspace/venv/lib/python3.9/site-packages/uvicorn/protocols/websockets/websockets_impl.py", line 244, in run_asgi
    result = await self.app(self.scope, self.asgi_receive, self.asgi_send)  # type: ignore[func-returns-value]
  File "/Users/huangyuxuan/Documents/git/auto/workspace/venv/lib/python3.9/site-packages/uvicorn/middleware/proxy_headers.py", line 60, in __call__
    return await self.app(scope, receive, send)
  File "/Users/huangyuxuan/Documents/git/auto/workspace/venv/lib/python3.9/site-packages/fastapi/applications.py", line 1138, in __call__
    await super().__call__(scope, receive, send)
  File "/Users/huangyuxuan/Documents/git/auto/workspace/venv/lib/python3.9/site-packages/starlette/applications.py", line 113, in __call__
    await self.middleware_stack(scope, receive, send)
  File "/Users/huangyuxuan/Documents/git/auto/workspace/venv/lib/python3.9/site-packages/starlette/middleware/errors.py", line 151, in __call__
    await self.app(scope, receive, send)
  File "/Users/huangyuxuan/Documents/git/auto/workspace/venv/lib/python3.9/site-packages/starlette/middleware/cors.py", line 77, in __call__
    await self.app(scope, receive, send)
  File "/Users/huangyuxuan/Documents/git/auto/workspace/venv/lib/python3.9/site-packages/starlette/middleware/exceptions.py", line 63, in __call__
    await wrap_app_handling_exceptions(self.app, conn)(scope, receive, send)
  File "/Users/huangyuxuan/Documents/git/auto/workspace/venv/lib/python3.9/site-packages/starlette/_exception_handler.py", line 53, in wrapped_app
    raise exc
  File "/Users/huangyuxuan/Documents/git/auto/workspace/venv/lib/python3.9/site-packages/starlette/_exception_handler.py", line 42, in wrapped_app
    await app(scope, receive, sender)
  File "/Users/huangyuxuan/Documents/git/auto/workspace/venv/lib/python3.9/site-packages/fastapi/middleware/asyncexitstack.py", line 18, in __call__
    await self.app(scope, receive, send)
  File "/Users/huangyuxuan/Documents/git/auto/workspace/venv/lib/python3.9/site-packages/starlette/routing.py", line 716, in __call__
    await self.middleware_stack(scope, receive, send)
  File "/Users/huangyuxuan/Documents/git/auto/workspace/venv/lib/python3.9/site-packages/starlette/routing.py", line 736, in app
    await route.handle(scope, receive, send)
  File "/Users/huangyuxuan/Documents/git/auto/workspace/venv/lib/python3.9/site-packages/starlette/routing.py", line 364, in handle
    await self.app(scope, receive, send)
  File "/Users/huangyuxuan/Documents/git/auto/workspace/venv/lib/python3.9/site-packages/fastapi/routing.py", line 147, in app
    await wrap_app_handling_exceptions(app, session)(scope, receive, send)
  File "/Users/huangyuxuan/Documents/git/auto/workspace/venv/lib/python3.9/site-packages/starlette/_exception_handler.py", line 53, in wrapped_app
    raise exc
  File "/Users/huangyuxuan/Documents/git/auto/workspace/venv/lib/python3.9/site-packages/starlette/_exception_handler.py", line 42, in wrapped_app
    await app(scope, receive, sender)
  File "/Users/huangyuxuan/Documents/git/auto/workspace/venv/lib/python3.9/site-packages/fastapi/routing.py", line 144, in app
    await func(session)
  File "/Users/huangyuxuan/Documents/git/auto/workspace/venv/lib/python3.9/site-packages/fastapi/routing.py", line 509, in app
    await dependant.call(**solved_result.values)
  File "/Users/huangyuxuan/Documents/git/auto/workspace/backend/main.py", line 109, in websocket_logs
    await websocket.close()
  File "/Users/huangyuxuan/Documents/git/auto/workspace/venv/lib/python3.9/site-packages/starlette/websockets.py", line 181, in close
    await self.send({"type": "websocket.close", "code": code, "reason": reason or ""})
  File "/Users/huangyuxuan/Documents/git/auto/workspace/venv/lib/python3.9/site-packages/starlette/websockets.py", line 98, in send
    raise RuntimeError('Cannot call "send" once a close message has been sent.')
RuntimeError: Cannot call "send" once a close message has been sent.
INFO:     127.0.0.1:52329 - "WebSocket /ws/logs" [accepted]
INFO:     connection open
INFO:     127.0.0.1:52331 - "WebSocket /ws/status" [accepted]
INFO:     connection open
INFO:     connection closed
INFO:     connection closed
INFO:     127.0.0.1:52335 - "WebSocket /ws/logs" [accepted]
INFO:     connection open
INFO:     127.0.0.1:52337 - "WebSocket /ws/status" [accepted]
INFO:     connection open
Log WebSocket error: 
ERROR:    Exception in ASGI application
Traceback (most recent call last):
  File "/Users/huangyuxuan/Documents/git/auto/workspace/venv/lib/python3.9/site-packages/uvicorn/protocols/websockets/websockets_impl.py", line 244, in run_asgi
    result = await self.app(self.scope, self.asgi_receive, self.asgi_send)  # type: ignore[func-returns-value]
  File "/Users/huangyuxuan/Documents/git/auto/workspace/venv/lib/python3.9/site-packages/uvicorn/middleware/proxy_headers.py", line 60, in __call__
    return await self.app(scope, receive, send)
  File "/Users/huangyuxuan/Documents/git/auto/workspace/venv/lib/python3.9/site-packages/fastapi/applications.py", line 1138, in __call__
    await super().__call__(scope, receive, send)
  File "/Users/huangyuxuan/Documents/git/auto/workspace/venv/lib/python3.9/site-packages/starlette/applications.py", line 113, in __call__
    await self.middleware_stack(scope, receive, send)
  File "/Users/huangyuxuan/Documents/git/auto/workspace/venv/lib/python3.9/site-packages/starlette/middleware/errors.py", line 151, in __call__
    await self.app(scope, receive, send)
  File "/Users/huangyuxuan/Documents/git/auto/workspace/venv/lib/python3.9/site-packages/starlette/middleware/cors.py", line 77, in __call__
    await self.app(scope, receive, send)
  File "/Users/huangyuxuan/Documents/git/auto/workspace/venv/lib/python3.9/site-packages/starlette/middleware/exceptions.py", line 63, in __call__
    await wrap_app_handling_exceptions(self.app, conn)(scope, receive, send)
  File "/Users/huangyuxuan/Documents/git/auto/workspace/venv/lib/python3.9/site-packages/starlette/_exception_handler.py", line 53, in wrapped_app
    raise exc
  File "/Users/huangyuxuan/Documents/git/auto/workspace/venv/lib/python3.9/site-packages/starlette/_exception_handler.py", line 42, in wrapped_app
    await app(scope, receive, sender)
  File "/Users/huangyuxuan/Documents/git/auto/workspace/venv/lib/python3.9/site-packages/fastapi/middleware/asyncexitstack.py", line 18, in __call__
    await self.app(scope, receive, send)
  File "/Users/huangyuxuan/Documents/git/auto/workspace/venv/lib/python3.9/site-packages/starlette/routing.py", line 716, in __call__
    await self.middleware_stack(scope, receive, send)
  File "/Users/huangyuxuan/Documents/git/auto/workspace/venv/lib/python3.9/site-packages/starlette/routing.py", line 736, in app
    await route.handle(scope, receive, send)
  File "/Users/huangyuxuan/Documents/git/auto/workspace/venv/lib/python3.9/site-packages/starlette/routing.py", line 364, in handle
    await self.app(scope, receive, send)
  File "/Users/huangyuxuan/Documents/git/auto/workspace/venv/lib/python3.9/site-packages/fastapi/routing.py", line 147, in app
    await wrap_app_handling_exceptions(app, session)(scope, receive, send)
  File "/Users/huangyuxuan/Documents/git/auto/workspace/venv/lib/python3.9/site-packages/starlette/_exception_handler.py", line 53, in wrapped_app
    raise exc
  File "/Users/huangyuxuan/Documents/git/auto/workspace/venv/lib/python3.9/site-packages/starlette/_exception_handler.py", line 42, in wrapped_app
    await app(scope, receive, sender)
  File "/Users/huangyuxuan/Documents/git/auto/workspace/venv/lib/python3.9/site-packages/fastapi/routing.py", line 144, in app
    await func(session)
  File "/Users/huangyuxuan/Documents/git/auto/workspace/venv/lib/python3.9/site-packages/fastapi/routing.py", line 509, in app
    await dependant.call(**solved_result.values)
  File "/Users/huangyuxuan/Documents/git/auto/workspace/backend/main.py", line 109, in websocket_logs
    await websocket.close()
  File "/Users/huangyuxuan/Documents/git/auto/workspace/venv/lib/python3.9/site-packages/starlette/websockets.py", line 181, in close
    await self.send({"type": "websocket.close", "code": code, "reason": reason or ""})
  File "/Users/huangyuxuan/Documents/git/auto/workspace/venv/lib/python3.9/site-packages/starlette/websockets.py", line 98, in send
    raise RuntimeError('Cannot call "send" once a close message has been sent.')
RuntimeError: Cannot call "send" once a close message has been sent.
INFO:     127.0.0.1:52339 - "POST /api/crawl/pause HTTP/1.1" 200 OK
INFO:     127.0.0.1:52343 - "POST /api/crawl/resume HTTP/1.1" 200 OK
INFO:     127.0.0.1:52346 - "POST /api/crawl HTTP/1.1" 200 OK
2026-03-22 18:32:44,601 - Scheduler - INFO - Stealth resting (high) for 72.1s before next search...
